<?xml version="1.0" encoding="UTF-8"?>
<testsuites name="jest tests" tests="1" failures="0" time="6.092">
  <testsuite name="undefined" errors="0" failures="0" skipped="0" timestamp="2019-09-06T06:07:20" time="4.003" tests="1">
    <testcase classname=" renders without crashing" name=" renders without crashing" time="0.021">
    </testcase>
  </testsuite>
</testsuites>